cseds@csedslab2025 MINGW64 /d/project1 (master)
$ git config --list
diff.astextplain.textconv=astextplain
filter.lfs.clean=git-lfs clean -- %f
filter.lfs.smudge=git-lfs smudge -- %f
filter.lfs.process=git-lfs filter-process
filter.lfs.required=true
http.sslbackend=schannel
core.autocrlf=true
core.fscache=true
core.symlinks=false
pull.rebase=false
credential.helper=manager
credential.https://dev.azure.com.usehttppath=true
init.defaultbranch=master
core.repositoryformatversion=0
core.filemode=false
core.bare=false
core.logallrefupdates=true
core.symlinks=false
core.ignorecase=true

cseds@csedslab2025 MINGW64 /d/project1 (master)
$ git config --user
error: unknown option `user'
usage: git config list [<file-option>] [<display-option>] [--includes]
   or: git config get [<file-option>] [<display-option>] [--includes] [--all] [--regexp] [--value=<pattern>] [--fixed-value] [--default=<default>] [--url=<url>] <name>
   or: git config set [<file-option>] [--type=<type>] [--all] [--value=<pattern>] [--fixed-value] <name> <value>
   or: git config unset [<file-option>] [--all] [--value=<pattern>] [--fixed-value] <name>
   or: git config rename-section [<file-option>] <old-name> <new-name>
   or: git config remove-section [<file-option>] <name>
   or: git config edit [<file-option>]
   or: git config [<file-option>] --get-colorbool <name> [<stdout-is-tty>]

Config file location
    --[no-]global         use global config file
    --[no-]system         use system config file
    --[no-]local          use repository config file
    --[no-]worktree       use per-worktree config file
    -f, --[no-]file <file>
                          use given config file
    --[no-]blob <blob-id> read config from given blob object

Action
    --get                 get value: name [<value-pattern>]
    --get-all             get all values: key [<value-pattern>]
    --get-regexp          get values for regexp: name-regex [<value-pattern>]
    --get-urlmatch        get value specific for the URL: section[.var] URL
    --replace-all         replace all matching variables: name value [<value-pattern>]
    --add                 add a new variable: name value
    --unset               remove a variable: name [<value-pattern>]
    --unset-all           remove all matches: name [<value-pattern>]
    --rename-section      rename section: old-name new-name
    --remove-section      remove a section: name
    -l, --list            list all
    -e, --edit            open an editor
    --get-color           find the color configured: slot [<default>]
    --get-colorbool       find the color setting: slot [<stdout-is-tty>]

Display options
    -z, --[no-]null       terminate values with NUL byte
    --[no-]name-only      show variable names only
    --[no-]show-origin    show origin of config (file, standard input, blob, command line)
    --[no-]show-scope     show scope of config (worktree, local, global, system, command)
    --[no-]show-names     show config keys in addition to their values

Type
    -t, --[no-]type <type>
                          value is given this type
    --bool                value is "true" or "false"
    --int                 value is decimal number
    --bool-or-int         value is --bool or --int
    --bool-or-str         value is --bool or string
    --path                value is a path (file or directory name)
    --expiry-date         value is an expiry date

Other
    --[no-]default <value>
                          with --get, use default value when missing entry
    --[no-]comment <value>
                          human-readable comment string (# will be prepended as needed)
    --[no-]fixed-value    use string equality when comparing values to value pattern
    --[no-]includes       respect include directives on lookup


cseds@csedslab2025 MINGW64 /d/project1 (master)
$ git config --global user.name "sunilshambaragi"

cseds@csedslab2025 MINGW64 /d/project1 (master)
$ git config --global user.email "sunilkoli3935@gmail.com"

cseds@csedslab2025 MINGW64 /d/project1 (master)
$ git config --list
diff.astextplain.textconv=astextplain
filter.lfs.clean=git-lfs clean -- %f
filter.lfs.smudge=git-lfs smudge -- %f
filter.lfs.process=git-lfs filter-process
filter.lfs.required=true
http.sslbackend=schannel
core.autocrlf=true
core.fscache=true
core.symlinks=false
pull.rebase=false
credential.helper=manager
credential.https://dev.azure.com.usehttppath=true
init.defaultbranch=master
user.name=sunilshambaragi
user.email=sunilkoli3935@gmail.com
core.repositoryformatversion=0
core.filemode=false
core.bare=false
core.logallrefupdates=true
core.symlinks=false
core.ignorecase=true

cseds@csedslab2025 MINGW64 /d/project1 (master)
$ nono program1.c
bash: nono: command not found

cseds@csedslab2025 MINGW64 /d/project1 (master)
$ nanoprogram1.c
bash: nanoprogram1.c: command not found

cseds@csedslab2025 MINGW64 /d/project1 (master)
$ nano program1.c

cseds@csedslab2025 MINGW64 /d/project1 (master)
$ git add program1.c
warning: in the working copy of 'program1.c', LF will be replaced by CRLF the next time Git touches it

cseds@csedslab2025 MINGW64 /d/project1 (master)
$ git commit -m "this is my first commit"
[master (root-commit) 5931ee7] this is my first commit
 1 file changed, 1 insertion(+)
 create mode 100644 program1.c

cseds@csedslab2025 MINGW64 /d/project1 (master)
$  git log
commit 5931ee7ab4e7680978b568270dd32bdf7bd325c1 (HEAD -> master)
Author: sunilshambaragi <sunilkoli3935@gmail.com>
Date:   Mon Sep 15 16:31:31 2025 +0530

    this is my first commit

cseds@csedslab2025 MINGW64 /d/project1 (master)
$ git show
commit 5931ee7ab4e7680978b568270dd32bdf7bd325c1 (HEAD -> master)
Author: sunilshambaragi <sunilkoli3935@gmail.com>
Date:   Mon Sep 15 16:31:31 2025 +0530

    this is my first commit

diff --git a/program1.c b/program1.c
new file mode 100644
index 0000000..911a5ef
--- /dev/null
+++ b/program1.c
@@ -0,0 +1 @@
+this is my new program  time travelS

cseds@csedslab2025 MINGW64 /d/project1 (master)
$ git add program1.c

cseds@csedslab2025 MINGW64 /d/project1 (master)
$ nano program1.c

cseds@csedslab2025 MINGW64 /d/project1 (master)
$ git add program1.c
warning: in the working copy of 'program1.c', LF will be replaced by CRLF the next time Git touches it

cseds@csedslab2025 MINGW64 /d/project1 (master)
$ git commit -m "this is my second commit"
[master 6407088] this is my second commit
 1 file changed, 1 insertion(+)

cseds@csedslab2025 MINGW64 /d/project1 (master)
$ git log
commit 6407088551623709483a1e728f59045509bab56b (HEAD -> master)
Author: sunilshambaragi <sunilkoli3935@gmail.com>
Date:   Mon Sep 15 16:45:45 2025 +0530

    this is my second commit

commit 5931ee7ab4e7680978b568270dd32bdf7bd325c1
Author: sunilshambaragi <sunilkoli3935@gmail.com>
Date:   Mon Sep 15 16:31:31 2025 +0530

    this is my first commit

cseds@csedslab2025 MINGW64 /d/project1 (master)
$ git show
commit 6407088551623709483a1e728f59045509bab56b (HEAD -> master)
Author: sunilshambaragi <sunilkoli3935@gmail.com>
Date:   Mon Sep 15 16:45:45 2025 +0530

    this is my second commit

diff --git a/program1.c b/program1.c
index 911a5ef..3db3281 100644
--- a/program1.c
+++ b/program1.c
@@ -1 +1,2 @@
 this is my new program  time travelS
+this is my second  program

cseds@csedslab2025 MINGW64 /d/project1 (master)
$ git log -1
commit 6407088551623709483a1e728f59045509bab56b (HEAD -> master)
Author: sunilshambaragi <sunilkoli3935@gmail.com>
Date:   Mon Sep 15 16:45:45 2025 +0530

    this is my second commit

cseds@csedslab2025 MINGW64 /d/project1 (master)
$ 
Sg